<?xml version="1.0" encoding="utf-8"?><testsuites><testsuite name="pytest" errors="0" failures="0" skipped="0" tests="19" time="141.327" timestamp="2025-11-09T00:59:38.032030" hostname="Sachin"><testcase classname="tests.test_health.TestHealthEndpoint" name="test_health_check_success" time="9.162" /><testcase classname="tests.test_health.TestHealthEndpoint" name="test_health_check_method_not_allowed" time="4.075" /><testcase classname="tests.test_health.TestHealthEndpoint" name="test_health_check_response_time" time="8.499" /><testcase classname="tests.test_health.TestHealthEndpoint" name="test_health_check_structure_validation" time="4.068" /><testcase classname="tests.test_users.TestUserCreation" name="test_create_user_success" time="4.097" /><testcase classname="tests.test_users.TestUserCreation" name="test_create_user_missing_name" time="4.062" /><testcase classname="tests.test_users.TestUserCreation" name="test_create_user_missing_email" time="4.058" /><testcase classname="tests.test_users.TestUserCreation" name="test_create_user_invalid_email" time="4.076" /><testcase classname="tests.test_users.TestUserCreation" name="test_create_user_duplicate_email" time="6.100" /><testcase classname="tests.test_users.TestUserCreation" name="test_create_user_invalid_content_type" time="4.094" /><testcase classname="tests.test_users.TestGetUser" name="test_get_user_success" time="6.118" /><testcase classname="tests.test_users.TestGetUser" name="test_get_user_not_found" time="4.082" /><testcase classname="tests.test_users.TestGetUser" name="test_get_user_invalid_id" time="4.063" /><testcase classname="tests.test_users.TestUserIntegration" name="test_full_user_workflow" time="6.094" /><testcase classname="tests.integration.test_integration.TestUserWorkflowIntegration" name="test_complete_user_lifecycle" time="6.156" /><testcase classname="tests.integration.test_integration.TestUserWorkflowIntegration" name="test_multiple_user_operations" time="14.294" /><testcase classname="tests.integration.test_integration.TestUserWorkflowIntegration" name="test_error_scenarios_in_workflow" time="10.205" /><testcase classname="tests.integration.test_integration.TestAPIHealthIntegration" name="test_api_health_under_load" time="23.489" /><testcase classname="tests.integration.test_integration.TestAPIHealthIntegration" name="test_concurrent_operations" time="14.269" /></testsuite></testsuites>